2026-09-29T20:29:13.0677776Z Current runner version: '2.337.0'
2026-09-29T20:29:13.0693966Z ##[group]Runner Image Provisioner
2026-09-29T20:29:13.0694619Z Hosted Compute Agent
2026-09-29T20:29:13.0695047Z Version: 20260828.587
2026-09-29T20:29:13.0695543Z Commit: abac92662cab4cc7352de4f9f9d2e2419aad9c29
2026-09-29T20:29:13.0696025Z Build Date: 2026-08-28T16:44:25Z
2026-09-29T20:29:13.0696510Z Worker ID: {ded9f5d4-96e5-4276-98f4-720894d8858a}
2026-09-29T20:29:13.0696998Z Azure Region: centralus
2026-09-29T20:29:13.0697396Z ##[endgroup]
2026-09-29T20:29:13.0698345Z ##[group]Operating System
2026-09-29T20:29:13.0699058Z Ubuntu
2026-09-29T20:29:13.0699448Z 24.04.5
2026-09-29T20:29:13.0699803Z LTS
2026-09-29T20:29:13.0700147Z ##[endgroup]
2026-09-29T20:29:13.0700633Z ##[group]Runner Image
2026-09-29T20:29:13.0701039Z Image: ubuntu-24.04
2026-09-29T20:29:13.0701700Z Version: 20260920.314.1
2026-09-29T20:29:13.0702568Z Included Software: https://github.com/actions/runner-images/blob/ubuntu24/20260920.314/images/ubuntu/Ubuntu2404-Readme.md
2026-09-29T20:29:13.0703617Z Image Release: https://github.com/actions/runner-images/releases/tag/ubuntu24%2F20260920.314
2026-09-29T20:29:13.0704255Z ##[endgroup]
2026-09-29T20:29:13.0705006Z ##[group]GITHUB_TOKEN Permissions
2026-09-29T20:29:13.0706712Z Contents: write
2026-09-29T20:29:13.0707147Z Metadata: read
2026-09-29T20:29:13.0707527Z ##[endgroup]
2026-09-29T20:29:13.0709172Z Secret source: Actions
2026-09-29T20:29:13.0709840Z Cache mode: write
2026-09-29T20:29:13.0710312Z Prepare workflow directory
2026-09-29T20:29:13.1014425Z Prepare all required actions
2026-09-29T20:29:13.1048338Z Getting action download info
2026-09-29T20:29:13.4451467Z Download action repository 'actions/checkout@v4' (SHA:11d5960a326750d5838078e36cf38b85af677262)
2026-09-29T20:29:13.7959543Z Download action repository 'actions/setup-java@v5' (SHA:b6effb05e454b25005698d916606bdc6ffcbf961)
2026-09-29T20:29:14.5220867Z Download action repository 'gradle/actions@v4' (SHA:ed408507eac070d1f99cc633dbcf757c94c7933a)
2026-09-29T20:29:15.9423867Z Download action repository 'actions/upload-artifact@v4' (SHA:ea165f8d65b6e75b540449e92b4886f43607fa02)
2026-09-29T20:29:16.4511789Z Complete job name: Build Android APK
2026-09-29T20:29:16.4973698Z ##[group]Run actions/checkout@v4
2026-09-29T20:29:16.4974086Z with:
2026-09-29T20:29:16.4974380Z   repository: l1ratch/WSBridge-Android
2026-09-29T20:29:16.4976374Z   token: ***
2026-09-29T20:29:16.4976642Z   ssh-strict: true
2026-09-29T20:29:16.4976871Z   ssh-user: git
2026-09-29T20:29:16.4977079Z   persist-credentials: true
2026-09-29T20:29:16.4977343Z   clean: true
2026-09-29T20:29:16.4977585Z   sparse-checkout-cone-mode: true
2026-09-29T20:29:16.4978068Z   fetch-depth: 1
2026-09-29T20:29:16.4978291Z   fetch-tags: false
2026-09-29T20:29:16.4978503Z   show-progress: true
2026-09-29T20:29:16.4978928Z   lfs: false
2026-09-29T20:29:16.4979160Z   submodules: false
2026-09-29T20:29:16.4979382Z   set-safe-directory: true
2026-09-29T20:29:16.4979634Z   allow-unsafe-pr-checkout: false
2026-09-29T20:29:16.4980007Z ##[endgroup]
2026-09-29T20:29:16.5750168Z Syncing repository: l1ratch/WSBridge-Android
2026-09-29T20:29:16.5751718Z ##[group]Getting Git version info
2026-09-29T20:29:16.5752456Z Working directory is '/home/runner/work/WSBridge-Android/WSBridge-Android'
2026-09-29T20:29:16.5753219Z [command]/usr/bin/git version
2026-09-29T20:29:16.6191779Z git version 2.55.0
2026-09-29T20:29:16.6210590Z ##[endgroup]
2026-09-29T20:29:16.6215472Z Temporarily overriding HOME='/home/runner/work/_temp/6308da9e-c476-4d96-9cbc-c1980c688bfe' before making global git config changes
2026-09-29T20:29:16.6216050Z Adding repository directory to the temporary git global config as a safe directory
2026-09-29T20:29:16.6219474Z [command]/usr/bin/git config --global --add safe.directory /home/runner/work/WSBridge-Android/WSBridge-Android
2026-09-29T20:29:16.6260093Z Deleting the contents of '/home/runner/work/WSBridge-Android/WSBridge-Android'
2026-09-29T20:29:16.6263573Z ##[group]Initializing the repository
2026-09-29T20:29:16.6266847Z [command]/usr/bin/git init /home/runner/work/WSBridge-Android/WSBridge-Android
2026-09-29T20:29:16.6374197Z hint: Using 'master' as the name for the initial branch. This default branch name
2026-09-29T20:29:16.6375073Z hint: will change to "main" in Git 3.0. To configure the initial branch name
2026-09-29T20:29:16.6375993Z hint: to use in all of your new repositories, which will suppress this warning,
2026-09-29T20:29:16.6376694Z hint: call:
2026-09-29T20:29:16.6377815Z hint:
2026-09-29T20:29:16.6378366Z hint: 	git config --global init.defaultBranch <name>
2026-09-29T20:29:16.6379011Z hint:
2026-09-29T20:29:16.6379881Z hint: Names commonly chosen instead of 'master' are 'main', 'trunk' and
2026-09-29T20:29:16.6380493Z hint: 'development'. The just-created branch can be renamed via this command:
2026-09-29T20:29:16.6381002Z hint:
2026-09-29T20:29:16.6381293Z hint: 	git branch -m <name>
2026-09-29T20:29:16.6381603Z hint:
2026-09-29T20:29:16.6382014Z hint: Disable this message with "git config set advice.defaultBranchName false"
2026-09-29T20:29:16.6383582Z Initialized empty Git repository in /home/runner/work/WSBridge-Android/WSBridge-Android/.git/
2026-09-29T20:29:16.6386110Z [command]/usr/bin/git remote add origin https://github.com/l1ratch/WSBridge-Android
2026-09-29T20:29:16.6429835Z ##[endgroup]
2026-09-29T20:29:16.6430262Z ##[group]Disabling automatic garbage collection
2026-09-29T20:29:16.6433385Z [command]/usr/bin/git config --local gc.auto 0
2026-09-29T20:29:16.6456056Z ##[endgroup]
2026-09-29T20:29:16.6456561Z ##[group]Setting up auth
2026-09-29T20:29:16.6461445Z [command]/usr/bin/git config --local --name-only --get-regexp core\.sshCommand
2026-09-29T20:29:16.6483084Z [command]/usr/bin/git submodule foreach --recursive sh -c "git config --local --name-only --get-regexp 'core\.sshCommand' && git config --local --unset-all 'core.sshCommand' || :"
2026-09-29T20:29:16.7913196Z [command]/usr/bin/git config --local --name-only --get-regexp http\.https\:\/\/github\.com\/\.extraheader
2026-09-29T20:29:16.7936153Z [command]/usr/bin/git submodule foreach --recursive sh -c "git config --local --name-only --get-regexp 'http\.https\:\/\/github\.com\/\.extraheader' && git config --local --unset-all 'http.https://github.com/.extraheader' || :"
2026-09-29T20:29:16.8085412Z [command]/usr/bin/git config --local --name-only --get-regexp ^includeIf\.gitdir:
2026-09-29T20:29:16.8108297Z [command]/usr/bin/git submodule foreach --recursive git config --local --show-origin --name-only --get-regexp remote.origin.url
2026-09-29T20:29:16.8250963Z [command]/usr/bin/git config --local http.https://github.com/.extraheader AUTHORIZATION: basic ***
2026-09-29T20:29:16.8284377Z ##[endgroup]
2026-09-29T20:29:16.8285054Z ##[group]Fetching the repository
2026-09-29T20:29:16.8291577Z [command]/usr/bin/git -c protocol.version=2 fetch --no-tags --prune --no-recurse-submodules --depth=1 origin +d006d1a6a1e02f902fc1f1a3c4da6fa3a874ec47:refs/remotes/origin/main
2026-09-29T20:29:17.7405121Z From https://github.com/l1ratch/WSBridge-Android
2026-09-29T20:29:17.7405787Z  * [new ref]         d006d1a6a1e02f902fc1f1a3c4da6fa3a874ec47 -> origin/main
2026-09-29T20:29:17.7410373Z ##[endgroup]
2026-09-29T20:29:17.7410831Z ##[group]Determining the checkout info
2026-09-29T20:29:17.7413998Z ##[endgroup]
2026-09-29T20:29:17.7421863Z [command]/usr/bin/git sparse-checkout disable
2026-09-29T20:29:17.9416574Z [command]/usr/bin/git config --local --unset-all extensions.worktreeConfig
2026-09-29T20:29:17.9444453Z ##[group]Checking out the ref
2026-09-29T20:29:17.9449292Z [command]/usr/bin/git checkout --progress --force -B main refs/remotes/origin/main
2026-09-29T20:29:17.9648431Z Switched to a new branch 'main'
2026-09-29T20:29:17.9651853Z branch 'main' set up to track 'origin/main'.
2026-09-29T20:29:17.9655271Z ##[endgroup]
2026-09-29T20:29:17.9689081Z [command]/usr/bin/git log -1 --format=%H
2026-09-29T20:29:17.9704037Z d006d1a6a1e02f902fc1f1a3c4da6fa3a874ec47
2026-09-29T20:29:17.9922689Z ##[group]Run actions/setup-java@v5
2026-09-29T20:29:17.9922924Z with:
2026-09-29T20:29:17.9923203Z   distribution: zulu
2026-09-29T20:29:17.9923371Z   java-version: 21
2026-09-29T20:29:17.9923531Z   java-package: jdk
2026-09-29T20:29:17.9923745Z   check-latest: false
2026-09-29T20:29:17.9923897Z   set-default: true
2026-09-29T20:29:17.9924057Z   verify-signature: false
2026-09-29T20:29:17.9924230Z   server-id: github
2026-09-29T20:29:17.9924389Z   server-username: GITHUB_ACTOR
2026-09-29T20:29:17.9924591Z   server-password: GITHUB_TOKEN
2026-09-29T20:29:17.9924778Z   overwrite-settings: true
2026-09-29T20:29:17.9924941Z   job-status: success
2026-09-29T20:29:17.9926779Z   token: ***
2026-09-29T20:29:17.9926948Z   show-download-progress: false
2026-09-29T20:29:17.9927137Z ##[endgroup]
2026-09-29T20:29:18.0979683Z ##[group]Installed distributions
2026-09-29T20:29:18.0998238Z Trying to resolve the latest version from remote
2026-09-29T20:29:18.3107928Z Resolved latest version as 21.0.12+8
2026-09-29T20:29:18.3108395Z Trying to download...
2026-09-29T20:29:18.3109192Z Downloading Java 21.0.12+8 (Zulu) from https://cdn.azul.com/zulu/bin/zulu21.52.15-ca-jdk21.0.12-linux_x64.tar.gz ...
2026-09-29T20:29:22.9826603Z Extracting Java archive...
2026-09-29T20:29:22.9917871Z [command]/usr/bin/tar xz --warning=no-unknown-keyword --overwrite -C /home/runner/work/_temp/90d30aa9-cec2-4d6e-bb97-21c60729d95c -f /home/runner/work/_temp/67e5d96a-a6e7-4844-8644-e4d0e57e41b2
2026-09-29T20:29:26.9940031Z Java 21.0.12+8 was downloaded
2026-09-29T20:29:26.9940260Z Setting Java 21.0.12+8 as the default
2026-09-29T20:29:26.9949583Z Creating toolchains.xml for JDK version 21 from zulu
2026-09-29T20:29:27.0002632Z Writing to /home/runner/.m2/toolchains.xml
2026-09-29T20:29:27.0003543Z 
2026-09-29T20:29:27.0003656Z Java configuration:
2026-09-29T20:29:27.0003977Z   Distribution: zulu
2026-09-29T20:29:27.0004341Z   Version: 21.0.12+8
2026-09-29T20:29:27.0004793Z   Path: /opt/hostedtoolcache/Java_Zulu_jdk/21.0.12-8/x64
2026-09-29T20:29:27.0005139Z 
2026-09-29T20:29:27.0005644Z ##[endgroup]
2026-09-29T20:29:27.0030484Z Creating settings.xml with server-id: github
2026-09-29T20:29:27.0048926Z Writing to /home/runner/.m2/settings.xml
2026-09-29T20:29:27.0051221Z Configured MAVEN_ARGS to include -ntp to suppress Maven transfer progress logs. Set 'show-download-progress: true' to keep the download progress output.
2026-09-29T20:29:27.0249876Z ##[group]Run gradle/actions/setup-gradle@v4
2026-09-29T20:29:27.0250110Z with:
2026-09-29T20:29:27.0250285Z   validate-wrappers: false
2026-09-29T20:29:27.0250478Z   cache-disabled: false
2026-09-29T20:29:27.0250659Z   cache-read-only: false
2026-09-29T20:29:27.0250843Z   cache-write-only: false
2026-09-29T20:29:27.0251036Z   cache-overwrite-existing: false
2026-09-29T20:29:27.0251231Z   cache-cleanup: on-success
2026-09-29T20:29:27.0251457Z   gradle-home-cache-includes: caches
notifications

2026-09-29T20:29:27.0251690Z   add-job-summary: always
2026-09-29T20:29:27.0251890Z   add-job-summary-as-pr-comment: never
2026-09-29T20:29:27.0252101Z   dependency-graph: disabled
2026-09-29T20:29:27.0252335Z   dependency-graph-report-dir: dependency-graph-reports
2026-09-29T20:29:27.0252628Z   dependency-graph-continue-on-failure: true
2026-09-29T20:29:27.0252859Z   build-scan-publish: false
2026-09-29T20:29:27.0253056Z   allow-snapshot-wrappers: false
2026-09-29T20:29:27.0253312Z   gradle-home-cache-strict-match: false
2026-09-29T20:29:27.0253527Z   workflow-job-context: null
2026-09-29T20:29:27.0255407Z   github-token: ***
2026-09-29T20:29:27.0255571Z env:
2026-09-29T20:29:27.0255767Z   JAVA_HOME: /opt/hostedtoolcache/Java_Zulu_jdk/21.0.12-8/x64
2026-09-29T20:29:27.0256067Z   JAVA_HOME_21_X64: /opt/hostedtoolcache/Java_Zulu_jdk/21.0.12-8/x64
2026-09-29T20:29:27.0256327Z   MAVEN_ARGS: -ntp
2026-09-29T20:29:27.0256494Z ##[endgroup]
2026-09-29T20:29:27.4882738Z Merged default JDK locations into /home/runner/.m2/toolchains.xml
2026-09-29T20:29:27.4883135Z Preparing cache for cleanup.
2026-09-29T20:29:27.4884412Z ##[group]Restore Gradle state from cache
2026-09-29T20:29:27.7826679Z Cache hit for restore-key: gradle-home-v1|Linux-X64|build[620c74083efa5b88ef904c2356f72d31]-c82e65c335774ea7737dec0053304c74f81755a8
2026-09-29T20:29:28.8499241Z Received 34431306 of 34431306 (100.0%), 35.8 MBs/sec
2026-09-29T20:29:28.8500540Z Cache Size: ~33 MB (34431306 B)
2026-09-29T20:29:28.8527874Z [command]/usr/bin/tar -xf /home/runner/work/_temp/41109507-4585-447a-aa94-ed3a236665ea/cache.tzst -P -C /home/runner/work/WSBridge-Android/WSBridge-Android --use-compress-program unzstd
2026-09-29T20:29:28.9258197Z Cache restored successfully
2026-09-29T20:29:28.9272886Z Restored cache entry with key gradle-home-v1|Linux-X64|build[620c74083efa5b88ef904c2356f72d31]-d006d1a6a1e02f902fc1f1a3c4da6fa3a874ec47 to /home/runner/.gradle/caches,/home/runner/.gradle/notifications,/home/runner/.gradle/.setup-gradle in 1438ms
2026-09-29T20:29:29.0931666Z Cache hit for: gradle-transforms-v1-4347ab6507f7443b035bed1ac8d1e543
2026-09-29T20:29:29.0938941Z Cache hit for: gradle-dependencies-v1-fba4a896d9b01c286cdbfd6ab842cf00
2026-09-29T20:29:29.0942064Z Cache hit for: gradle-wrapper-zips-v1-852daf033b54d6f5dd2552660ef7de60
2026-09-29T20:29:29.0995423Z Cache hit for: gradle-generated-gradle-jars-v1-aab574994eb421acff6809687eadd5de
2026-09-29T20:29:29.1037000Z Cache hit for: gradle-instrumented-jars-v1-61602b4d265347edd36ccf68fae0a584
2026-09-29T20:29:29.1071131Z Cache hit for: gradle-groovy-dsl-v1-e5a008eaaa193d8e66d6942549d85fdf
2026-09-29T20:29:29.1157488Z Cache hit for: gradle-kotlin-dsl-v1-f2564c52db8cf6cb74e34c2b5996ac5f
2026-09-29T20:29:29.5351597Z Received 109723 of 109723 (100.0%), 0.5 MBs/sec
2026-09-29T20:29:29.5352923Z Cache Size: ~0 MB (109723 B)
2026-09-29T20:29:29.5382444Z [command]/usr/bin/tar -xf /home/runner/work/_temp/b014ff21-b723-4497-bf2e-c433277d0ac3/cache.tzst -P -C /home/runner/work/WSBridge-Android/WSBridge-Android --use-compress-program unzstd
2026-09-29T20:29:29.5503335Z Cache restored successfully
2026-09-29T20:29:29.5506048Z Restored cache entry with key gradle-groovy-dsl-v1-e5a008eaaa193d8e66d6942549d85fdf to /home/runner/.gradle/caches/*/groovy-dsl/*/ in 621ms
2026-09-29T20:29:29.5825234Z Received 78530 of 78530 (100.0%), 0.3 MBs/sec
2026-09-29T20:29:29.5825585Z Cache Size: ~0 MB (78530 B)
2026-09-29T20:29:29.5843934Z [command]/usr/bin/tar -xf /home/runner/work/_temp/2bc16797-cf42-4bc2-8e94-f23f95ad98a6/cache.tzst -P -C /home/runner/work/WSBridge-Android/WSBridge-Android --use-compress-program unzstd
2026-09-29T20:29:29.5897798Z Received 64753 of 64753 (100.0%), 0.2 MBs/sec
2026-09-29T20:29:29.5898446Z Cache Size: ~0 MB (64753 B)
2026-09-29T20:29:29.6014621Z Cache restored successfully
2026-09-29T20:29:29.6015708Z [command]/usr/bin/tar -xf /home/runner/work/_temp/2ab36564-5a06-4f66-9fc1-a2777580bc65/cache.tzst -P -C /home/runner/work/WSBridge-Android/WSBridge-Android --use-compress-program unzstd
2026-09-29T20:29:29.6040214Z Restored cache entry with key gradle-kotlin-dsl-v1-f2564c52db8cf6cb74e34c2b5996ac5f to /home/runner/.gradle/caches/*/kotlin-dsl/accessors/*/,/home/runner/.gradle/caches/*/kotlin-dsl/scripts/*/ in 674ms
2026-09-29T20:29:29.6125271Z Cache restored successfully
2026-09-29T20:29:29.6127166Z Restored cache entry with key gradle-instrumented-jars-v1-61602b4d265347edd36ccf68fae0a584 to /home/runner/.gradle/caches/jars-*/*/ in 683ms
2026-09-29T20:29:30.2327760Z Received 42158674 of 42158674 (100.0%), 43.0 MBs/sec
2026-09-29T20:29:30.2330017Z Cache Size: ~40 MB (42158674 B)
2026-09-29T20:29:30.2376633Z Received 88080384 of 253814006 (34.7%), 83.9 MBs/sec
2026-09-29T20:29:30.2580636Z Received 79691776 of 139953240 (56.9%), 75.7 MBs/sec
2026-09-29T20:29:30.2666613Z Received 41943040 of 195397715 (21.5%), 39.8 MBs/sec
2026-09-29T20:29:30.3694928Z [command]/usr/bin/tar -xf /home/runner/work/_temp/a20bca32-907e-46ad-9bcd-be11c2510872/cache.tzst -P -C /home/runner/work/WSBridge-Android/WSBridge-Android --use-compress-program unzstd
2026-09-29T20:29:30.6010198Z Cache restored successfully
2026-09-29T20:29:30.6059720Z Restored cache entry with key gradle-generated-gradle-jars-v1-aab574994eb421acff6809687eadd5de to /home/runner/.gradle/caches/9.6.1/generated-gradle-jars/gradle-api-9.6.1.jar in 1678ms
2026-09-29T20:29:31.1774713Z Received 139953240 of 139953240 (100.0%), 69.7 MBs/sec
2026-09-29T20:29:31.1783070Z Cache Size: ~133 MB (139953240 B)
2026-09-29T20:29:31.2101766Z [command]/usr/bin/tar -xf /home/runner/work/_temp/e14989ad-13ff-4372-8000-bb52e03a82cd/cache.tzst -P -C /home/runner/work/WSBridge-Android/WSBridge-Android --use-compress-program unzstd
2026-09-29T20:29:31.2412963Z Received 195397715 of 195397715 (100.0%), 94.0 MBs/sec
2026-09-29T20:29:31.2420180Z Cache Size: ~186 MB (195397715 B)
2026-09-29T20:29:31.2464569Z Received 155189248 of 253814006 (61.1%), 73.6 MBs/sec
2026-09-29T20:29:31.2543736Z [command]/usr/bin/tar -xf /home/runner/work/_temp/c131a952-0025-4be9-89aa-cc7600191cde/cache.tzst -P -C /home/runner/work/WSBridge-Android/WSBridge-Android --use-compress-program unzstd
2026-09-29T20:29:31.4409818Z Cache restored successfully
2026-09-29T20:29:31.4475366Z Restored cache entry with key gradle-wrapper-zips-v1-852daf033b54d6f5dd2552660ef7de60 to /home/runner/.gradle/wrapper/dists/gradle-9.6.1-bin/4ticwg1pgcbps2hj28r8so764 in 2519ms
2026-09-29T20:29:32.0987731Z Received 253814006 of 253814006 (100.0%), 84.6 MBs/sec
2026-09-29T20:29:32.0988348Z Cache Size: ~242 MB (253814006 B)
2026-09-29T20:29:32.1053005Z [command]/usr/bin/tar -xf /home/runner/work/_temp/1c263184-fb23-4311-a7ae-b1c5d672774e/cache.tzst -P -C /home/runner/work/WSBridge-Android/WSBridge-Android --use-compress-program unzstd
2026-09-29T20:29:32.3896265Z Cache restored successfully
2026-09-29T20:29:32.3981389Z Restored cache entry with key gradle-transforms-v1-4347ab6507f7443b035bed1ac8d1e543 to /home/runner/.gradle/caches/transforms-4/*/,/home/runner/.gradle/caches/*/transforms/*/ in 3467ms
2026-09-29T20:29:32.4927715Z Cache restored successfully
2026-09-29T20:29:32.5009239Z Restored cache entry with key gradle-dependencies-v1-fba4a896d9b01c286cdbfd6ab842cf00 to /home/runner/.gradle/caches/modules-*/files-*/*/*/*/* in 3572ms
2026-09-29T20:29:32.5698011Z ##[endgroup]
2026-09-29T20:29:32.8528154Z ##[group]Run chmod +x gradlew
2026-09-29T20:29:32.8528505Z [36;1mchmod +x gradlew[0m
2026-09-29T20:29:32.9321881Z shell: /usr/bin/bash -e {0}
2026-09-29T20:29:32.9322160Z env:
2026-09-29T20:29:32.9322407Z   JAVA_HOME: /opt/hostedtoolcache/Java_Zulu_jdk/21.0.12-8/x64
2026-09-29T20:29:32.9322762Z   JAVA_HOME_21_X64: /opt/hostedtoolcache/Java_Zulu_jdk/21.0.12-8/x64
2026-09-29T20:29:32.9323056Z   MAVEN_ARGS: -ntp
2026-09-29T20:29:32.9323283Z   GRADLE_ACTION_ID: gradle/actions/setup-gradle
2026-09-29T20:29:32.9323562Z   GRADLE_USER_HOME: /home/runner/.gradle
2026-09-29T20:29:32.9323806Z   GRADLE_BUILD_ACTION_SETUP_COMPLETED: true
2026-09-29T20:29:32.9324052Z   GRADLE_BUILD_ACTION_CACHE_RESTORED: true
2026-09-29T20:29:32.9324406Z   DEVELOCITY_INJECTION_INIT_SCRIPT_NAME: gradle-actions.inject-develocity.init.gradle
2026-09-29T20:29:32.9324781Z   DEVELOCITY_INJECTION_CUSTOM_VALUE: gradle-actions
2026-09-29T20:29:32.9325050Z   GITHUB_DEPENDENCY_GRAPH_ENABLED: false
2026-09-29T20:29:32.9325354Z ##[endgroup]
2026-09-29T20:29:32.9468890Z ##[group]Run ./gradlew testDebugUnitTest assembleDebug --stacktrace
2026-09-29T20:29:32.9469314Z [36;1m./gradlew testDebugUnitTest assembleDebug --stacktrace[0m
2026-09-29T20:29:32.9499908Z shell: /usr/bin/bash -e {0}
2026-09-29T20:29:32.9500149Z env:
2026-09-29T20:29:32.9500409Z   JAVA_HOME: /opt/hostedtoolcache/Java_Zulu_jdk/21.0.12-8/x64
2026-09-29T20:29:32.9500740Z   JAVA_HOME_21_X64: /opt/hostedtoolcache/Java_Zulu_jdk/21.0.12-8/x64
2026-09-29T20:29:32.9501024Z   MAVEN_ARGS: -ntp
2026-09-29T20:29:32.9501263Z   GRADLE_ACTION_ID: gradle/actions/setup-gradle
2026-09-29T20:29:32.9501533Z   GRADLE_USER_HOME: /home/runner/.gradle
2026-09-29T20:29:32.9501775Z   GRADLE_BUILD_ACTION_SETUP_COMPLETED: true
2026-09-29T20:29:32.9502024Z   GRADLE_BUILD_ACTION_CACHE_RESTORED: true
2026-09-29T20:29:32.9502377Z   DEVELOCITY_INJECTION_INIT_SCRIPT_NAME: gradle-actions.inject-develocity.init.gradle
2026-09-29T20:29:32.9502743Z   DEVELOCITY_INJECTION_CUSTOM_VALUE: gradle-actions
2026-09-29T20:29:32.9503218Z   GITHUB_DEPENDENCY_GRAPH_ENABLED: false
2026-09-29T20:29:32.9503453Z ##[endgroup]
2026-09-29T20:29:33.5073424Z Starting a Gradle Daemon (subsequent builds will be faster)
2026-09-29T20:29:40.5119267Z > Task :app:preBuild UP-TO-DATE
2026-09-29T20:29:40.5120066Z > Task :app:preDebugBuild UP-TO-DATE
2026-09-29T20:29:40.5120971Z > Task :app:generateDebugBuildConfig FROM-CACHE
2026-09-29T20:29:40.6081165Z > Task :app:generateDebugResources FROM-CACHE
2026-09-29T20:29:40.6089240Z > Task :app:packageDebugResources FROM-CACHE
2026-09-29T20:29:40.8068080Z > Task :app:processDebugNavigationResources FROM-CACHE
2026-09-29T20:29:42.4069177Z > Task :app:parseDebugLocalResources FROM-CACHE
2026-09-29T20:29:42.4069748Z > Task :app:generateDebugRFile FROM-CACHE
2026-09-29T20:29:43.1100262Z > Task :app:javaPreCompileDebug FROM-CACHE
2026-09-29T20:29:43.2080394Z > Task :app:mapDebugSourceSetPaths
2026-09-29T20:29:43.2122210Z > Task :app:checkDebugAarMetadata
2026-09-29T20:29:43.2129834Z > Task :app:compileDebugNavigationResources FROM-CACHE
2026-09-29T20:29:43.4104300Z > Task :app:mergeDebugResources FROM-CACHE
2026-09-29T20:29:43.4149393Z > Task :app:createDebugCompatibleScreenManifests
2026-09-29T20:29:43.4210493Z > Task :app:extractDeepLinksDebug FROM-CACHE
2026-09-29T20:29:43.5105073Z > Task :app:processDebugMainManifest FROM-CACHE
2026-09-29T20:29:43.5113723Z > Task :app:processDebugManifest FROM-CACHE
2026-09-29T20:29:43.5114641Z > Task :app:processDebugManifestForPackage FROM-CACHE
2026-09-29T20:29:43.6092852Z > Task :app:processDebugResources FROM-CACHE
2026-09-29T20:29:43.6093657Z > Task :app:preDebugUnitTestBuild UP-TO-DATE
2026-09-29T20:29:43.6119582Z > Task :app:javaPreCompileDebugUnitTest FROM-CACHE
2026-09-29T20:29:43.7072921Z > Task :app:mergeDebugNativeDebugMetadata NO-SOURCE
2026-09-29T20:29:43.7119601Z > Task :app:generateDebugAssets UP-TO-DATE
2026-09-29T20:29:43.7149597Z > Task :app:mergeDebugAssets
2026-09-29T20:29:43.7179653Z > Task :app:compressDebugAssets FROM-CACHE
2026-09-29T20:29:43.8099506Z > Task :app:desugarDebugFileDependencies FROM-CACHE
2026-09-29T20:29:43.9070270Z > Task :app:checkDebugDuplicateClasses
2026-09-29T20:29:48.3074693Z 
2026-09-29T20:29:48.3102654Z > Task :app:configureCMakeDebug[arm64-v8a]
2026-09-29T20:29:48.3140192Z Checking the license for package CMake 3.22.1 in /usr/local/lib/android/sdk/licenses
2026-09-29T20:29:48.3159940Z License for package CMake 3.22.1 accepted.
2026-09-29T20:29:48.3160458Z Preparing "Install CMake 3.22.1 v.3.22.1".
2026-09-29T20:29:50.1069741Z "Install CMake 3.22.1 v.3.22.1" ready.
2026-09-29T20:29:50.1102887Z Installing CMake 3.22.1 in /usr/local/lib/android/sdk/cmake/3.22.1
2026-09-29T20:29:50.1119808Z "Install CMake 3.22.1 v.3.22.1" complete.
2026-09-29T20:29:50.2077122Z "Install CMake 3.22.1 v.3.22.1" finished.
2026-09-29T20:29:54.4067282Z 
2026-09-29T20:29:54.4068447Z > Task :app:compileDebugKotlin FAILED
2026-09-29T20:29:54.4083192Z e: file:///home/runner/work/WSBridge-Android/WSBridge-Android/app/src/main/java/com/l1ratch/wsbridge/TunnelManager.kt:43:9 Platform declaration clash: The following declarations have the same JVM signature (setRunning(Z)V):
2026-09-29T20:29:54.4084396Z     fun `<set-running>`(`<set-?>`: Boolean): Unit defined in com.l1ratch.wsbridge.TunnelManager
2026-09-29T20:29:54.4084964Z     fun setRunning(value: Boolean): Unit defined in com.l1ratch.wsbridge.TunnelManager
2026-09-29T20:29:54.4085720Z e: file:///home/runner/work/WSBridge-Android/WSBridge-Android/app/src/main/java/com/l1ratch/wsbridge/TunnelManager.kt:49:5 Platform declaration clash: The following declarations have the same JVM signature (setRunning(Z)V):
2026-09-29T20:29:54.4086445Z     fun `<set-running>`(`<set-?>`: Boolean): Unit defined in com.l1ratch.wsbridge.TunnelManager
2026-09-29T20:29:54.4086868Z     fun setRunning(value: Boolean): Unit defined in com.l1ratch.wsbridge.TunnelManager
2026-09-29T20:29:58.5070385Z gradle/actions: Writing build results to /home/runner/work/_temp/.gradle-actions/build-results/__run_2-1790713775663.json
2026-09-29T20:29:58.5071072Z 
2026-09-29T20:29:58.5071425Z [Incubating] Problems report is available at: file:///home/runner/work/WSBridge-Android/WSBridge-Android/build/reports/problems/problems-report.html
2026-09-29T20:29:58.5071961Z 
2026-09-29T20:29:58.5075304Z FAILURE: Build failed with an exception.
2026-09-29T20:29:58.5114908Z 
2026-09-29T20:29:58.5115915Z Deprecated Gradle features were used in this build, making it incompatible with Gradle 10.
2026-09-29T20:29:58.5116522Z 
2026-09-29T20:29:58.5117053Z You can use '--warning-mode all' to show the individual deprecation warnings and determine if they come from your own scripts or plugins.
2026-09-29T20:29:58.5117603Z 
2026-09-29T20:29:58.5117744Z * What went wrong:
2026-09-29T20:29:58.5118300Z Execution failed for task ':app:compileDebugKotlin' (registered by plugin 'com.android.internal.application').
2026-09-29T20:29:58.5119455Z > A failure occurred while executing org.jetbrains.kotlin.compilerRunner.btapi.BuildToolsApiCompilationWork
2026-09-29T20:29:58.5120241Z    > Compilation error. See log for more details
2026-09-29T20:29:58.5120565Z 
2026-09-29T20:29:58.5120891Z * Try:
2026-09-29T20:29:58.5121043Z 
2026-09-29T20:29:58.5121958Z > Run with --info or --debug option to get more log output.
2026-09-29T20:29:58.5123004Z For more on this, please refer to https://docs.gradle.org/9.6.1/userguide/command_line_interface.html#sec:command_line_warnings in the Gradle documentation.
2026-09-29T20:29:58.5123872Z 24 actionable tasks: 7 executed, 17 from cache
2026-09-29T20:29:58.5124808Z > Run with --scan to get full insights from a Build Scan (powered by Develocity).
2026-09-29T20:29:58.5125876Z > Get more help at https://help.gradle.org.
2026-09-29T20:29:58.5126507Z 
2026-09-29T20:29:58.5126786Z * Exception is:
2026-09-29T20:29:58.5127702Z org.gradle.api.tasks.TaskExecutionException: Execution failed for task ':app:compileDebugKotlin' (registered by plugin 'com.android.internal.application').
2026-09-29T20:29:58.5129142Z 	at org.gradle.api.internal.tasks.execution.ExecuteActionsTaskExecuter.lambda$executeIfValid$1(ExecuteActionsTaskExecuter.java:135)
2026-09-29T20:29:58.5130184Z 	at org.gradle.internal.Try$Failure.ifSuccessfulOrElse(Try.java:288)
2026-09-29T20:29:58.5131077Z 	at org.gradle.api.internal.tasks.execution.ExecuteActionsTaskExecuter.executeIfValid(ExecuteActionsTaskExecuter.java:133)
2026-09-29T20:29:58.5132269Z 	at org.gradle.api.internal.tasks.execution.ExecuteActionsTaskExecuter.execute(ExecuteActionsTaskExecuter.java:121)
2026-09-29T20:29:58.5133590Z 	at org.gradle.api.internal.tasks.execution.ProblemsTaskPathTrackingTaskExecuter.execute(ProblemsTaskPathTrackingTaskExecuter.java:41)
2026-09-29T20:29:58.5135015Z 	at org.gradle.api.internal.tasks.execution.ResolveTaskExecutionModeExecuter.execute(ResolveTaskExecutionModeExecuter.java:51)
2026-09-29T20:29:58.5136273Z 	at org.gradle.api.internal.tasks.execution.FinalizePropertiesTaskExecuter.execute(FinalizePropertiesTaskExecuter.java:46)
2026-09-29T20:29:58.5137795Z 	at org.gradle.api.internal.tasks.execution.SkipTaskWithNoActionsExecuter.execute(SkipTaskWithNoActionsExecuter.java:57)
2026-09-29T20:29:58.5139172Z 	at org.gradle.api.internal.tasks.execution.SkipOnlyIfTaskExecuter.execute(SkipOnlyIfTaskExecuter.java:74)
2026-09-29T20:29:58.5140311Z 	at org.gradle.api.internal.tasks.execution.CatchExceptionTaskExecuter.execute(CatchExceptionTaskExecuter.java:36)
2026-09-29T20:29:58.5141498Z 	at org.gradle.api.internal.tasks.execution.EventFiringTaskExecuter$1.executeTask(EventFiringTaskExecuter.java:77)
2026-09-29T20:29:58.5142537Z 	at org.gradle.api.internal.tasks.execution.EventFiringTaskExecuter$1.call(EventFiringTaskExecuter.java:55)
2026-09-29T20:29:58.5143864Z 	at org.gradle.api.internal.tasks.execution.EventFiringTaskExecuter$1.call(EventFiringTaskExecuter.java:52)
2026-09-29T20:29:58.5145049Z 	at org.gradle.internal.operations.DefaultBuildOperationRunner$CallableBuildOperationWorker.execute(DefaultBuildOperationRunner.java:210)
2026-09-29T20:29:58.5146604Z 	at org.gradle.internal.operations.DefaultBuildOperationRunner$CallableBuildOperationWorker.execute(DefaultBuildOperationRunner.java:205)
2026-09-29T20:29:58.5147972Z 	at org.gradle.internal.operations.DefaultBuildOperationRunner$2.execute(DefaultBuildOperationRunner.java:67)
2026-09-29T20:29:58.5149110Z 	at org.gradle.internal.operations.DefaultBuildOperationRunner$2.execute(DefaultBuildOperationRunner.java:60)
2026-09-29T20:29:58.5149923Z 	at org.gradle.internal.operations.DefaultBuildOperationRunner.execute(DefaultBuildOperationRunner.java:167)
2026-09-29T20:29:58.5150800Z 	at org.gradle.internal.operations.DefaultBuildOperationRunner.execute(DefaultBuildOperationRunner.java:60)
2026-09-29T20:29:58.5151614Z 	at org.gradle.internal.operations.DefaultBuildOperationRunner.call(DefaultBuildOperationRunner.java:54)
2026-09-29T20:29:58.5152547Z 	at org.gradle.api.internal.tasks.execution.EventFiringTaskExecuter.execute(EventFiringTaskExecuter.java:52)
2026-09-29T20:29:58.5153376Z 	at org.gradle.execution.plan.DefaultNodeExecutor.executeLocalTaskNode(DefaultNodeExecutor.java:55)
2026-09-29T20:29:58.5154292Z 	at org.gradle.execution.plan.DefaultNodeExecutor.execute(DefaultNodeExecutor.java:34)
2026-09-29T20:29:58.5155177Z 	at org.gradle.execution.taskgraph.DefaultTaskExecutionGraph$InvokeNodeExecutorsAction.execute(DefaultTaskExecutionGraph.java:355)
2026-09-29T20:29:58.5156345Z 	at org.gradle.execution.taskgraph.DefaultTaskExecutionGraph$InvokeNodeExecutorsAction.execute(DefaultTaskExecutionGraph.java:343)
2026-09-29T20:29:58.5157352Z 	at org.gradle.execution.taskgraph.DefaultTaskExecutionGraph$BuildOperationAwareExecutionAction.lambda$execute$0(DefaultTaskExecutionGraph.java:339)
2026-09-29T20:29:58.5158408Z 	at org.gradle.internal.operations.CurrentBuildOperationRef.with(CurrentBuildOperationRef.java:84)
2026-09-29T20:29:58.5159681Z 	at org.gradle.execution.taskgraph.DefaultTaskExecutionGraph$BuildOperationAwareExecutionAction.execute(DefaultTaskExecutionGraph.java:339)
2026-09-29T20:29:58.5161133Z 	at org.gradle.execution.taskgraph.DefaultTaskExecutionGraph$BuildOperationAwareExecutionAction.execute(DefaultTaskExecutionGraph.java:328)
2026-09-29T20:29:58.5162278Z 	at org.gradle.execution.plan.DefaultPlanExecutor$ExecutorWorker.execute(DefaultPlanExecutor.java:459)
2026-09-29T20:29:58.5163269Z 	at org.gradle.execution.plan.DefaultPlanExecutor$ExecutorWorker.run(DefaultPlanExecutor.java:376)
2026-09-29T20:29:58.5164251Z 	at org.gradle.internal.concurrent.ExecutorPolicy$CatchAndRecordFailures.onExecute(ExecutorPolicy.java:64)
2026-09-29T20:29:58.5165362Z 	at org.gradle.internal.concurrent.AbstractManagedExecutor$1.run(AbstractManagedExecutor.java:47)
2026-09-29T20:29:58.5166725Z Caused by: org.gradle.workers.internal.DefaultWorkerExecutor$WorkExecutionException: A failure occurred while executing org.jetbrains.kotlin.compilerRunner.btapi.BuildToolsApiCompilationWork
2026-09-29T20:29:58.5168196Z 	at org.gradle.workers.internal.DefaultWorkerExecutor$WorkItemExecution.waitForCompletion(DefaultWorkerExecutor.java:278)
2026-09-29T20:29:58.5169828Z 	at org.gradle.internal.work.DefaultAsyncWorkTracker.lambda$waitForItemsAndGatherFailures$2(DefaultAsyncWorkTracker.java:132)
2026-09-29T20:29:58.5170731Z 	at org.gradle.internal.Factories$1.create(Factories.java:30)
2026-09-29T20:29:58.5171850Z 	at org.gradle.internal.work.DefaultWorkerLeaseService.lambda$withoutLocksBlocking$3(DefaultWorkerLeaseService.java:410)
2026-09-29T20:29:58.5172866Z 	at org.gradle.internal.work.ResourceLockStatistics$1.measure(ResourceLockStatistics.java:43)
2026-09-29T20:29:58.5173868Z 	at org.gradle.internal.work.DefaultWorkerLeaseService.withoutLocksBlocking(DefaultWorkerLeaseService.java:405)
2026-09-29T20:29:58.5174893Z 	at org.gradle.internal.work.DefaultWorkerLeaseService.blocking(DefaultWorkerLeaseService.java:255)
2026-09-29T20:29:58.5175896Z 	at org.gradle.internal.work.DefaultWorkerLeaseService.blocking(DefaultWorkerLeaseService.java:237)
2026-09-29T20:29:58.5177076Z 	at org.gradle.internal.work.DefaultAsyncWorkTracker.lambda$waitForItemsAndGatherFailures$3(DefaultAsyncWorkTracker.java:128)
2026-09-29T20:29:58.5178149Z 	at org.gradle.internal.Factories$1.create(Factories.java:30)
2026-09-29T20:29:58.5179231Z 	at org.gradle.internal.resources.AbstractResourceLockRegistry.whileDisallowingLockChanges(AbstractResourceLockRegistry.java:50)
2026-09-29T20:29:58.5180549Z 	at org.gradle.internal.work.DefaultWorkerLeaseService.whileDisallowingProjectLockChanges(DefaultWorkerLeaseService.java:260)
2026-09-29T20:29:58.5181972Z 	at org.gradle.internal.work.DefaultAsyncWorkTracker.waitForItemsAndGatherFailures(DefaultAsyncWorkTracker.java:127)
2026-09-29T20:29:58.5183228Z 	at org.gradle.internal.work.DefaultAsyncWorkTracker.waitForItemsAndGatherFailures(DefaultAsyncWorkTracker.java:93)
2026-09-29T20:29:58.5184604Z 	at org.gradle.internal.work.DefaultAsyncWorkTracker.waitForAll(DefaultAsyncWorkTracker.java:79)
2026-09-29T20:29:58.5185737Z 	at org.gradle.internal.work.DefaultAsyncWorkTracker.waitForCompletion(DefaultAsyncWorkTracker.java:67)
2026-09-29T20:29:58.5186844Z 	at org.gradle.api.internal.tasks.execution.TaskExecution$3.run(TaskExecution.java:267)
2026-09-29T20:29:58.5187997Z 	at org.gradle.internal.operations.DefaultBuildOperationRunner$1.execute(DefaultBuildOperationRunner.java:30)
2026-09-29T20:29:58.5189442Z 	at org.gradle.internal.operations.DefaultBuildOperationRunner$1.execute(DefaultBuildOperationRunner.java:27)
2026-09-29T20:29:58.5190635Z 	at org.gradle.internal.operations.DefaultBuildOperationRunner$2.execute(DefaultBuildOperationRunner.java:67)
2026-09-29T20:29:58.5191841Z 	at org.gradle.internal.operations.DefaultBuildOperationRunner$2.execute(DefaultBuildOperationRunner.java:60)
2026-09-29T20:29:58.5192986Z 	at org.gradle.internal.operations.DefaultBuildOperationRunner.execute(DefaultBuildOperationRunner.java:167)
2026-09-29T20:29:58.5194285Z 	at org.gradle.internal.operations.DefaultBuildOperationRunner.execute(DefaultBuildOperationRunner.java:60)
2026-09-29T20:29:58.5195478Z 	at org.gradle.internal.operations.DefaultBuildOperationRunner.run(DefaultBuildOperationRunner.java:48)
2026-09-29T20:29:58.5196645Z 	at org.gradle.api.internal.tasks.execution.TaskExecution.executeAction(TaskExecution.java:244)
2026-09-29T20:29:58.5197835Z 	at org.gradle.api.internal.tasks.execution.TaskExecution.executeActions(TaskExecution.java:227)
2026-09-29T20:29:58.5199249Z 	at org.gradle.api.internal.tasks.execution.TaskExecution.executeWithPreviousOutputFiles(TaskExecution.java:210)
2026-09-29T20:29:58.5200588Z 	at org.gradle.api.internal.tasks.execution.TaskExecution.execute(TaskExecution.java:176)
2026-09-29T20:29:58.5201564Z 	at org.gradle.internal.execution.steps.ExecuteStep.executeInternal(ExecuteStep.java:167)
2026-09-29T20:29:58.5202648Z 	at org.gradle.internal.execution.steps.ExecuteStep.access$000(ExecuteStep.java:47)
2026-09-29T20:29:58.5203421Z 	at org.gradle.internal.execution.steps.ExecuteStep$1.call(ExecuteStep.java:137)
2026-09-29T20:29:58.5204287Z 	at org.gradle.internal.execution.steps.ExecuteStep$1.call(ExecuteStep.java:134)
2026-09-29T20:29:58.5205446Z 	at org.gradle.internal.operations.DefaultBuildOperationRunner$CallableBuildOperationWorker.execute(DefaultBuildOperationRunner.java:210)
2026-09-29T20:29:58.5206834Z 	at org.gradle.internal.operations.DefaultBuildOperationRunner$CallableBuildOperationWorker.execute(DefaultBuildOperationRunner.java:205)
2026-09-29T20:29:58.5208009Z 	at org.gradle.internal.operations.DefaultBuildOperationRunner$2.execute(DefaultBuildOperationRunner.java:67)
2026-09-29T20:29:58.5209388Z 	at org.gradle.internal.operations.DefaultBuildOperationRunner$2.execute(DefaultBuildOperationRunner.java:60)
2026-09-29T20:29:58.5210487Z 	at org.gradle.internal.operations.DefaultBuildOperationRunner.execute(DefaultBuildOperationRunner.java:167)
2026-09-29T20:29:58.5211648Z 	at org.gradle.internal.operations.DefaultBuildOperationRunner.execute(DefaultBuildOperationRunner.java:60)
2026-09-29T20:29:58.5212771Z 	at org.gradle.internal.operations.DefaultBuildOperationRunner.call(DefaultBuildOperationRunner.java:54)
2026-09-29T20:29:58.5213736Z 	at org.gradle.internal.execution.steps.ExecuteStep.execute(ExecuteStep.java:134)
2026-09-29T20:29:58.5214776Z 	at org.gradle.internal.execution.steps.ExecuteStep$Mutable.execute(ExecuteStep.java:80)
2026-09-29T20:29:58.5215724Z 	at org.gradle.internal.execution.steps.CancelExecutionStep.execute(CancelExecutionStep.java:42)
2026-09-29T20:29:58.5216718Z 	at org.gradle.internal.execution.steps.TimeoutStep.executeWithoutTimeout(TimeoutStep.java:75)
2026-09-29T20:29:58.5217612Z 	at org.gradle.internal.execution.steps.TimeoutStep.execute(TimeoutStep.java:55)
2026-09-29T20:29:58.5218902Z 	at org.gradle.internal.execution.steps.PreCreateOutputParentsStep.execute(PreCreateOutputParentsStep.java:51)
2026-09-29T20:29:58.5220086Z 	at org.gradle.internal.execution.steps.PreCreateOutputParentsStep.execute(PreCreateOutputParentsStep.java:29)
2026-09-29T20:29:58.5221161Z 	at org.gradle.internal.execution.steps.RemovePreviousOutputsStep.executeMutable(RemovePreviousOutputsStep.java:67)
2026-09-29T20:29:58.5222300Z 	at org.gradle.internal.execution.steps.RemovePreviousOutputsStep.executeMutable(RemovePreviousOutputsStep.java:39)
2026-09-29T20:29:58.5223331Z 	at org.gradle.internal.execution.steps.MutableStep.execute(MutableStep.java:26)
2026-09-29T20:29:58.5224270Z 	at org.gradle.internal.execution.steps.BroadcastChangingOutputsStep.execute(BroadcastChangingOutputsStep.java:42)
2026-09-29T20:29:58.5225510Z 	at org.gradle.internal.execution.steps.BroadcastChangingOutputsStep.execute(BroadcastChangingOutputsStep.java:24)
2026-09-29T20:29:58.5226890Z 	at org.gradle.internal.execution.steps.CaptureOutputsAfterExecutionStep.execute(CaptureOutputsAfterExecutionStep.java:69)
2026-09-29T20:29:58.5228233Z 	at org.gradle.internal.execution.steps.CaptureOutputsAfterExecutionStep.execute(CaptureOutputsAfterExecutionStep.java:46)
2026-09-29T20:29:58.5229640Z 	at org.gradle.internal.execution.steps.ResolveInputChangesStep.executeMutable(ResolveInputChangesStep.java:39)
2026-09-29T20:29:58.5230584Z 	at org.gradle.internal.execution.steps.ResolveInputChangesStep.executeMutable(ResolveInputChangesStep.java:28)
2026-09-29T20:29:58.5231419Z 	at org.gradle.internal.execution.steps.MutableStep.execute(MutableStep.java:26)
2026-09-29T20:29:58.5232354Z 	at org.gradle.internal.execution.steps.BuildCacheStep.executeWithoutCache(BuildCacheStep.java:189)
2026-09-29T20:29:58.5233326Z 	at org.gradle.internal.execution.steps.BuildCacheStep.executeAndStoreInCache(BuildCacheStep.java:145)
2026-09-29T20:29:58.5234316Z 	at org.gradle.internal.execution.steps.BuildCacheStep.lambda$executeWithCache$4(BuildCacheStep.java:104)
2026-09-29T20:29:58.5235325Z 	at org.gradle.internal.execution.steps.BuildCacheStep.lambda$executeWithCache$5(BuildCacheStep.java:104)
2026-09-29T20:29:58.5236102Z 	at org.gradle.internal.Try$Success.map(Try.java:170)
2026-09-29T20:29:58.5236868Z 	at org.gradle.internal.execution.steps.BuildCacheStep.executeWithCache(BuildCacheStep.java:88)
2026-09-29T20:29:58.5237763Z 	at org.gradle.internal.execution.steps.BuildCacheStep.lambda$execute$0(BuildCacheStep.java:75)
2026-09-29T20:29:58.5239055Z 	at org.gradle.internal.Either$Left.fold(Either.java:116)
2026-09-29T20:29:58.5239834Z 	at org.gradle.internal.execution.caching.CachingState.fold(CachingState.java:62)
2026-09-29T20:29:58.5240662Z 	at org.gradle.internal.execution.steps.BuildCacheStep.execute(BuildCacheStep.java:74)
2026-09-29T20:29:58.5241528Z 	at org.gradle.internal.execution.steps.BuildCacheStep.execute(BuildCacheStep.java:49)
2026-09-29T20:29:58.5242516Z 	at org.gradle.internal.execution.steps.StoreExecutionStateStep.executeMutable(StoreExecutionStateStep.java:46)
2026-09-29T20:29:58.5243625Z 	at org.gradle.internal.execution.steps.StoreExecutionStateStep.executeMutable(StoreExecutionStateStep.java:35)
2026-09-29T20:29:58.5244539Z 	at org.gradle.internal.execution.steps.MutableStep.execute(MutableStep.java:26)
2026-09-29T20:29:58.5245440Z 	at org.gradle.internal.execution.steps.SkipUpToDateStep.executeBecause(SkipUpToDateStep.java:75)
2026-09-29T20:29:58.5246416Z 	at org.gradle.internal.execution.steps.SkipUpToDateStep.lambda$execute$2(SkipUpToDateStep.java:53)
2026-09-29T20:29:58.5247806Z 	at org.gradle.internal.execution.steps.SkipUpToDateStep.execute(SkipUpToDateStep.java:53)
2026-09-29T20:29:58.5248849Z 	at org.gradle.internal.execution.steps.SkipUpToDateStep.execute(SkipUpToDateStep.java:35)
2026-09-29T20:29:58.5250050Z 	at org.gradle.internal.execution.steps.legacy.MarkSnapshottingInputsFinishedStep.execute(MarkSnapshottingInputsFinishedStep.java:37)
2026-09-29T20:29:58.5251332Z 	at org.gradle.internal.execution.steps.legacy.MarkSnapshottingInputsFinishedStep.execute(MarkSnapshottingInputsFinishedStep.java:27)
2026-09-29T20:29:58.5252638Z 	at org.gradle.internal.execution.steps.ResolveMutableCachingStateStep.executeDelegate(ResolveMutableCachingStateStep.java:70)
2026-09-29T20:29:58.5253945Z 	at org.gradle.internal.execution.steps.ResolveMutableCachingStateStep.executeDelegate(ResolveMutableCachingStateStep.java:32)
2026-09-29T20:29:58.5255180Z 	at org.gradle.internal.execution.steps.AbstractResolveCachingStateStep.execute(AbstractResolveCachingStateStep.java:69)
2026-09-29T20:29:58.5256370Z 	at org.gradle.internal.execution.steps.AbstractResolveCachingStateStep.execute(AbstractResolveCachingStateStep.java:37)
2026-09-29T20:29:58.5257493Z 	at org.gradle.internal.execution.steps.ResolveChangesStep.executeMutable(ResolveChangesStep.java:63)
2026-09-29T20:29:58.5258537Z 	at org.gradle.internal.execution.steps.ResolveChangesStep.executeMutable(ResolveChangesStep.java:34)
2026-09-29T20:29:58.5259631Z 	at org.gradle.internal.execution.steps.MutableStep.execute(MutableStep.java:26)
2026-09-29T20:29:58.5260622Z 	at org.gradle.internal.execution.steps.ValidateStep$Mutable.executeDelegate(ValidateStep.java:79)
2026-09-29T20:29:58.5261603Z 	at org.gradle.internal.execution.steps.ValidateStep$Mutable.executeDelegate(ValidateStep.java:65)
2026-09-29T20:29:58.5262493Z 	at org.gradle.internal.execution.steps.ValidateStep.execute(ValidateStep.java:105)
2026-09-29T20:29:58.5263287Z 	at org.gradle.internal.execution.steps.ValidateStep$Mutable.execute(ValidateStep.java:65)
2026-09-29T20:29:58.5264548Z 	at org.gradle.internal.execution.steps.CaptureMutableStateBeforeExecutionStep.executeMutable(CaptureMutableStateBeforeExecutionStep.java:86)
2026-09-29T20:29:58.5265939Z 	at org.gradle.internal.execution.steps.CaptureMutableStateBeforeExecutionStep.execute(CaptureMutableStateBeforeExecutionStep.java:65)
2026-09-29T20:29:58.5267284Z 	at org.gradle.internal.execution.steps.CaptureMutableStateBeforeExecutionStep.execute(CaptureMutableStateBeforeExecutionStep.java:45)
2026-09-29T20:29:58.5268562Z 	at org.gradle.internal.execution.steps.SkipEmptyMutableWorkStep.executeWithNonEmptySources(SkipEmptyMutableWorkStep.java:210)
2026-09-29T20:29:58.5270016Z 	at org.gradle.internal.execution.steps.SkipEmptyMutableWorkStep.executeMutable(SkipEmptyMutableWorkStep.java:90)
2026-09-29T20:29:58.5271144Z 	at org.gradle.internal.execution.steps.SkipEmptyMutableWorkStep.executeMutable(SkipEmptyMutableWorkStep.java:53)
2026-09-29T20:29:58.5272433Z 	at org.gradle.internal.execution.steps.MutableStep.execute(MutableStep.java:26)
2026-09-29T20:29:58.5273560Z 	at org.gradle.internal.execution.steps.legacy.MarkSnapshottingInputsStartedStep.execute(MarkSnapshottingInputsStartedStep.java:38)
2026-09-29T20:29:58.5274824Z 	at org.gradle.internal.execution.steps.LoadPreviousExecutionStateStep.executeMutable(LoadPreviousExecutionStateStep.java:36)
2026-09-29T20:29:58.5276076Z 	at org.gradle.internal.execution.steps.LoadPreviousExecutionStateStep.executeMutable(LoadPreviousExecutionStateStep.java:23)
2026-09-29T20:29:58.5277159Z 	at org.gradle.internal.execution.steps.MutableStep.execute(MutableStep.java:26)
2026-09-29T20:29:58.5278174Z 	at org.gradle.internal.execution.steps.HandleStaleOutputsStep.executeMutable(HandleStaleOutputsStep.java:77)
2026-09-29T20:29:58.5279525Z 	at org.gradle.internal.execution.steps.HandleStaleOutputsStep.executeMutable(HandleStaleOutputsStep.java:43)
2026-09-29T20:29:58.5280526Z 	at org.gradle.internal.execution.steps.MutableStep.execute(MutableStep.java:26)
2026-09-29T20:29:58.5281773Z 	at org.gradle.internal.execution.steps.AssignMutableWorkspaceStep.lambda$executeMutable$0(AssignMutableWorkspaceStep.java:34)
2026-09-29T20:29:58.5282902Z 	at org.gradle.api.internal.tasks.execution.TaskExecution$4.withWorkspace(TaskExecution.java:305)
2026-09-29T20:29:58.5283922Z 	at org.gradle.internal.execution.steps.AssignMutableWorkspaceStep.executeMutable(AssignMutableWorkspaceStep.java:30)
2026-09-29T20:29:58.5285089Z 	at org.gradle.internal.execution.steps.AssignMutableWorkspaceStep.executeMutable(AssignMutableWorkspaceStep.java:21)
2026-09-29T20:29:58.5286140Z 	at org.gradle.internal.execution.steps.MutableStep.execute(MutableStep.java:26)
2026-09-29T20:29:58.5287016Z 	at org.gradle.internal.execution.steps.ChoosePipelineStep.execute(ChoosePipelineStep.java:40)
2026-09-29T20:29:58.5288045Z 	at org.gradle.internal.execution.steps.ChoosePipelineStep.execute(ChoosePipelineStep.java:23)
2026-09-29T20:29:58.5289515Z 	at org.gradle.internal.execution.steps.ExecuteWorkBuildOperationFiringStep.lambda$execute$2(ExecuteWorkBuildOperationFiringStep.java:67)
2026-09-29T20:29:58.5290986Z 	at org.gradle.internal.execution.steps.ExecuteWorkBuildOperationFiringStep.execute(ExecuteWorkBuildOperationFiringStep.java:67)
2026-09-29T20:29:58.5292304Z 	at org.gradle.internal.execution.steps.ExecuteWorkBuildOperationFiringStep.execute(ExecuteWorkBuildOperationFiringStep.java:39)
2026-09-29T20:29:58.5293518Z 	at org.gradle.internal.execution.steps.IdentityCacheStep.execute(IdentityCacheStep.java:46)
2026-09-29T20:29:58.5294491Z 	at org.gradle.internal.execution.steps.IdentityCacheStep.execute(IdentityCacheStep.java:34)
2026-09-29T20:29:58.5295391Z 	at org.gradle.internal.execution.steps.IdentifyStep.execute(IdentifyStep.java:56)
2026-09-29T20:29:58.5296267Z 	at org.gradle.internal.execution.steps.IdentifyStep.execute(IdentifyStep.java:38)
2026-09-29T20:29:58.5297284Z 	at org.gradle.internal.execution.impl.DefaultExecutionEngine$1.execute(DefaultExecutionEngine.java:68)
2026-09-29T20:29:58.5298459Z 	at org.gradle.api.internal.tasks.execution.ExecuteActionsTaskExecuter.executeIfValid(ExecuteActionsTaskExecuter.java:132)
2026-09-29T20:29:58.5299631Z 	... 30 more
2026-09-29T20:29:58.5300322Z Caused by: org.jetbrains.kotlin.gradle.tasks.CompilationErrorException: Compilation error. See log for more details
2026-09-29T20:29:58.5301498Z 	at org.jetbrains.kotlin.gradle.tasks.TasksUtilsKt.throwExceptionIfCompilationFailed(tasksUtils.kt:21)
2026-09-29T20:29:58.5302672Z 	at org.jetbrains.kotlin.compilerRunner.btapi.BuildToolsApiCompilationWork.execute(BuildToolsApiCompilationWork.kt:320)
2026-09-29T20:29:58.5303715Z 	at org.gradle.workers.internal.DefaultWorkerServer.execute(DefaultWorkerServer.java:68)
2026-09-29T20:29:58.5304640Z 	at org.gradle.workers.internal.NoIsolationWorkerFactory$1$1.create(NoIsolationWorkerFactory.java:64)
2026-09-29T20:29:58.5305615Z 	at org.gradle.workers.internal.NoIsolationWorkerFactory$1$1.create(NoIsolationWorkerFactory.java:61)
2026-09-29T20:29:58.5306782Z 	at org.gradle.internal.classloader.ClassLoaderUtils.executeInClassloader(ClassLoaderUtils.java:102)
2026-09-29T20:29:58.5307795Z 	at org.gradle.workers.internal.NoIsolationWorkerFactory$1.lambda$execute$0(NoIsolationWorkerFactory.java:61)
2026-09-29T20:29:58.5308834Z 	at org.gradle.workers.internal.AbstractWorker$1.call(AbstractWorker.java:44)
2026-09-29T20:29:58.5309629Z 	at org.gradle.workers.internal.AbstractWorker$1.call(AbstractWorker.java:41)
2026-09-29T20:29:58.5310686Z 	at org.gradle.internal.operations.DefaultBuildOperationRunner$CallableBuildOperationWorker.execute(DefaultBuildOperationRunner.java:210)
2026-09-29T20:29:58.5311960Z 	at org.gradle.internal.operations.DefaultBuildOperationRunner$CallableBuildOperationWorker.execute(DefaultBuildOperationRunner.java:205)
2026-09-29T20:29:58.5313184Z 	at org.gradle.internal.operations.DefaultBuildOperationRunner$2.execute(DefaultBuildOperationRunner.java:67)
2026-09-29T20:29:58.5314266Z 	at org.gradle.internal.operations.DefaultBuildOperationRunner$2.execute(DefaultBuildOperationRunner.java:60)
2026-09-29T20:29:58.5315455Z 	at org.gradle.internal.operations.DefaultBuildOperationRunner.execute(DefaultBuildOperationRunner.java:167)
2026-09-29T20:29:58.5316509Z 	at org.gradle.internal.operations.DefaultBuildOperationRunner.execute(DefaultBuildOperationRunner.java:60)
2026-09-29T20:29:58.5317602Z 	at org.gradle.internal.operations.DefaultBuildOperationRunner.call(DefaultBuildOperationRunner.java:54)
2026-09-29T20:29:58.5318607Z 	at org.gradle.workers.internal.AbstractWorker.executeWrappedInBuildOperation(AbstractWorker.java:41)
2026-09-29T20:29:58.5319821Z 	at org.gradle.workers.internal.NoIsolationWorkerFactory$1.execute(NoIsolationWorkerFactory.java:58)
2026-09-29T20:29:58.5320927Z 	at org.gradle.workers.internal.DefaultWorkerExecutor.lambda$submitWork$0(DefaultWorkerExecutor.java:174)
2026-09-29T20:29:58.5322075Z 	at org.gradle.internal.work.DefaultConditionalExecutionQueue$ExecutionRunner.runExecution(DefaultConditionalExecutionQueue.java:191)
2026-09-29T20:29:58.5323316Z 	at org.gradle.internal.work.DefaultConditionalExecutionQueue$ExecutionRunner.access$500(DefaultConditionalExecutionQueue.java:112)
2026-09-29T20:29:58.5324554Z 	at org.gradle.internal.work.DefaultConditionalExecutionQueue$ExecutionRunner$1.run(DefaultConditionalExecutionQueue.java:168)
2026-09-29T20:29:58.5325549Z 	at org.gradle.internal.Factories$1.create(Factories.java:30)
2026-09-29T20:29:58.5326553Z 	at org.gradle.internal.work.DefaultWorkerLeaseService.lambda$runAndReleaseLocks$0(DefaultWorkerLeaseService.java:300)
2026-09-29T20:29:58.5327584Z 	at org.gradle.internal.work.ResourceLockStatistics$1.measure(ResourceLockStatistics.java:43)
2026-09-29T20:29:58.5328627Z 	at org.gradle.internal.work.DefaultWorkerLeaseService.runAndReleaseLocks(DefaultWorkerLeaseService.java:298)
2026-09-29T20:29:58.5329835Z 	at org.gradle.internal.work.DefaultWorkerLeaseService.withLocksAcquired(DefaultWorkerLeaseService.java:294)
2026-09-29T20:29:58.5330986Z 	at org.gradle.internal.work.DefaultWorkerLeaseService.withLocks(DefaultWorkerLeaseService.java:286)
2026-09-29T20:29:58.5332140Z 	at org.gradle.internal.work.DefaultWorkerLeaseService.runAsWorkerThread(DefaultWorkerLeaseService.java:130)
2026-09-29T20:29:58.5333370Z 	at org.gradle.internal.work.DefaultWorkerLeaseService.runAsWorkerThread(DefaultWorkerLeaseService.java:135)
2026-09-29T20:29:58.5334592Z 	at org.gradle.internal.work.DefaultConditionalExecutionQueue$ExecutionRunner.runBatch(DefaultConditionalExecutionQueue.java:163)
2026-09-29T20:29:58.5335864Z 	at org.gradle.internal.work.DefaultConditionalExecutionQueue$ExecutionRunner.run(DefaultConditionalExecutionQueue.java:125)
2026-09-29T20:29:58.5336759Z 	... 2 more
2026-09-29T20:29:58.5336972Z 
2026-09-29T20:29:58.5336978Z 
2026-09-29T20:29:58.5337193Z BUILD FAILED in 25s
2026-09-29T20:29:58.9974832Z ##[error]Process completed with exit code 1.
2026-09-29T20:29:59.0121533Z Post job cleanup.
2026-09-29T20:29:59.1758009Z In post-action step
2026-09-29T20:29:59.1765932Z ##[group]Stopping Gradle daemons
2026-09-29T20:29:59.1766843Z Stopping Gradle daemons for /home/runner/.gradle/wrapper/dists/gradle-9.6.1-bin/4ticwg1pgcbps2hj28r8so764/gradle-9.6.1
2026-09-29T20:29:59.1777445Z [command]/home/runner/.gradle/wrapper/dists/gradle-9.6.1-bin/4ticwg1pgcbps2hj28r8so764/gradle-9.6.1/bin/gradle --stop
2026-09-29T20:29:59.6235351Z Stopping Daemon(s)
2026-09-29T20:29:59.6237667Z 1 Daemon stopped
2026-09-29T20:29:59.6280251Z ##[endgroup]
2026-09-29T20:29:59.6280775Z Not performing cache-cleanup due to build failure
2026-09-29T20:29:59.6281629Z ##[group]Caching Gradle state
2026-09-29T20:30:02.2445505Z [command]/usr/bin/tar --posix -cf cache.tzst --exclude cache.tzst -P -C /home/runner/work/WSBridge-Android/WSBridge-Android --files-from manifest.txt --use-compress-program zstdmt
2026-09-29T20:30:03.4135176Z Sent 34467744 of 34467744 (100.0%), 38.7 MBs/sec
2026-09-29T20:30:03.6136054Z Saved cache entry with key gradle-home-v1|Linux-X64|build[620c74083efa5b88ef904c2356f72d31]-d006d1a6a1e02f902fc1f1a3c4da6fa3a874ec47 from /home/runner/.gradle/caches,/home/runner/.gradle/notifications,/home/runner/.gradle/.setup-gradle in 1380ms
2026-09-29T20:30:03.6137786Z ##[endgroup]
2026-09-29T20:30:03.6140290Z Generating Job Summary
2026-09-29T20:30:03.6150325Z Completed post-action step
2026-09-29T20:30:03.6415345Z Post job cleanup.
2026-09-29T20:30:03.7523348Z Post job cleanup.
2026-09-29T20:30:03.8212605Z [command]/usr/bin/git version
2026-09-29T20:30:03.8244971Z git version 2.55.0
2026-09-29T20:30:03.8291193Z Temporarily overriding HOME='/home/runner/work/_temp/fa099809-6210-4781-a9b7-aa4818e1b50a' before making global git config changes
2026-09-29T20:30:03.8292206Z Adding repository directory to the temporary git global config as a safe directory
2026-09-29T20:30:03.8299705Z [command]/usr/bin/git config --global --add safe.directory /home/runner/work/WSBridge-Android/WSBridge-Android
2026-09-29T20:30:03.8329858Z [command]/usr/bin/git config --local --name-only --get-regexp core\.sshCommand
2026-09-29T20:30:03.8360732Z [command]/usr/bin/git submodule foreach --recursive sh -c "git config --local --name-only --get-regexp 'core\.sshCommand' && git config --local --unset-all 'core.sshCommand' || :"
2026-09-29T20:30:03.8532725Z [command]/usr/bin/git config --local --name-only --get-regexp http\.https\:\/\/github\.com\/\.extraheader
2026-09-29T20:30:03.8548424Z http.https://github.com/.extraheader
2026-09-29T20:30:03.8557936Z [command]/usr/bin/git config --local --unset-all http.https://github.com/.extraheader
2026-09-29T20:30:03.8587836Z [command]/usr/bin/git submodule foreach --recursive sh -c "git config --local --name-only --get-regexp 'http\.https\:\/\/github\.com\/\.extraheader' && git config --local --unset-all 'http.https://github.com/.extraheader' || :"
2026-09-29T20:30:03.8812952Z [command]/usr/bin/git config --local --name-only --get-regexp ^includeIf\.gitdir:
2026-09-29T20:30:03.8870414Z [command]/usr/bin/git submodule foreach --recursive git config --local --show-origin --name-only --get-regexp remote.origin.url
2026-09-29T20:30:03.9547576Z Cleaning up orphan processes
2026-09-29T20:30:03.9723207Z ##[warning]Node.js 20 is deprecated. The following actions target Node.js 20 but are being forced to run on Node.js 24: actions/checkout@v4, gradle/actions/setup-gradle@v4. For more information see: https://github.blog/changelog/2025-09-19-deprecation-of-node-20-on-github-actions-runners/
